2025-11-22 06:41:19.938 | INFO     | __main__:main:106 - ===================================
2025-11-22 06:41:19.938 | INFO     | __main__:main:107 -  RUNNING PIPELINE CSV-ONLY VERSION 
2025-11-22 06:41:19.939 | INFO     | __main__:main:108 - ===================================
2025-11-22 06:41:19.940 | INFO     | __main__:main:111 - Loading transactions from CSV...
2025-11-22 06:41:23.718 | INFO     | __main__:main:114 - Loading vehicles from CSV...
2025-11-22 06:41:23.737 | INFO     | __main__:main:122 - Processing vehicle 1 ...
2025-11-22 06:41:24.496 | INFO     | models.arima_model:fit:11 - Fitting ARIMA (auto_arima)...
2025-11-22 06:41:28.855 | INFO     | models.arima_model:fit:13 - ARIMA fitted.
2025-11-22 06:41:28.899 | INFO     | __main__:main:130 - VID 1 - ARIMA metrics: {'MAE': 292.9412159579551, 'RMSE': 365.72295183289435, 'MAPE': 3.4559761912515206}
2025-11-22 06:47:08.785 | INFO     | __main__:main:106 - ===================================
2025-11-22 06:47:08.786 | INFO     | __main__:main:107 -  RUNNING PIPELINE CSV-ONLY VERSION 
2025-11-22 06:47:08.787 | INFO     | __main__:main:108 - ===================================
2025-11-22 06:47:08.787 | INFO     | __main__:main:111 - Loading transactions from CSV...
2025-11-22 06:47:11.690 | INFO     | __main__:main:114 - Loading vehicles from CSV...
2025-11-22 06:47:11.695 | INFO     | __main__:main:122 - Processing vehicle 1 ...
2025-11-22 06:47:12.010 | INFO     | models.arima_model:fit:11 - Fitting ARIMA (auto_arima)...
2025-11-22 06:47:15.777 | INFO     | models.arima_model:fit:13 - ARIMA fitted.
2025-11-22 06:47:15.812 | INFO     | __main__:main:130 - VID 1 - ARIMA metrics: {'MAE': 292.9412159579551, 'RMSE': 365.72295183289435, 'MAPE': 3.4559761912515206}
2025-11-22 06:47:15.846 | INFO     | __main__:main:122 - Processing vehicle 2 ...
2025-11-22 06:47:16.189 | INFO     | models.arima_model:fit:11 - Fitting ARIMA (auto_arima)...
2025-11-22 06:47:27.149 | INFO     | models.arima_model:fit:13 - ARIMA fitted.
2025-11-22 06:47:27.225 | INFO     | __main__:main:130 - VID 2 - ARIMA metrics: {'MAE': 362.2754132668039, 'RMSE': 434.3653967827278, 'MAPE': 3.51233213842833}
2025-11-22 06:47:27.265 | INFO     | __main__:main:122 - Processing vehicle 3 ...
2025-11-22 06:47:27.643 | INFO     | models.arima_model:fit:11 - Fitting ARIMA (auto_arima)...
2025-11-22 06:47:35.140 | INFO     | models.arima_model:fit:13 - ARIMA fitted.
2025-11-22 06:47:35.177 | INFO     | __main__:main:130 - VID 3 - ARIMA metrics: {'MAE': 93.46758082497213, 'RMSE': 115.739164781163, 'MAPE': 3.6051338838649527}
2025-11-22 06:47:35.205 | INFO     | __main__:main:122 - Processing vehicle 4 ...
2025-11-22 06:47:35.595 | INFO     | models.arima_model:fit:11 - Fitting ARIMA (auto_arima)...
2025-11-22 06:47:40.607 | INFO     | models.arima_model:fit:13 - ARIMA fitted.
2025-11-22 06:47:40.643 | INFO     | __main__:main:130 - VID 4 - ARIMA metrics: {'MAE': 1178.7154387641342, 'RMSE': 1525.50343293323, 'MAPE': 2.757039228967892}
2025-11-22 06:47:40.702 | INFO     | __main__:main:171 - Saved rekomendasi_arima.csv with 1512 rows
2025-11-22 06:50:29.054 | INFO     | __main__:main:106 - ===================================
2025-11-22 06:50:29.055 | INFO     | __main__:main:107 -  RUNNING PIPELINE CSV-ONLY VERSION 
2025-11-22 06:50:29.055 | INFO     | __main__:main:108 - ===================================
2025-11-22 06:50:29.056 | INFO     | __main__:main:111 - Loading transactions from CSV...
2025-11-22 06:50:31.976 | INFO     | __main__:main:114 - Loading vehicles from CSV...
2025-11-22 06:50:31.980 | INFO     | __main__:main:122 - Processing vehicle 1 ...
2025-11-22 06:50:32.315 | INFO     | models.arima_model:fit:11 - Fitting ARIMA (auto_arima)...
2025-11-22 06:50:36.603 | INFO     | models.arima_model:fit:13 - ARIMA fitted.
2025-11-22 06:50:36.971 | INFO     | models.prophet_model:fit:11 - Fitting Prophet model...
2025-11-22 06:51:18.825 | INFO     | __main__:main:106 - ===================================
2025-11-22 06:51:18.826 | INFO     | __main__:main:107 -  RUNNING PIPELINE CSV-ONLY VERSION 
2025-11-22 06:51:18.827 | INFO     | __main__:main:108 - ===================================
2025-11-22 06:51:18.827 | INFO     | __main__:main:111 - Loading transactions from CSV...
2025-11-22 06:51:21.617 | INFO     | __main__:main:114 - Loading vehicles from CSV...
2025-11-22 06:51:21.621 | INFO     | __main__:main:122 - Processing vehicle 1 ...
2025-11-22 06:51:22.295 | INFO     | models.lstm_model:fit:50 - Training LSTM...
2025-11-22 06:51:29.596 | INFO     | models.lstm_model:fit:53 - LSTM trained.
2025-11-22 06:52:55.029 | INFO     | __main__:main:130 - VID 1 - LSTM metrics: {'MAE': 304.59669369904884, 'RMSE': 378.7026935169985, 'MAPE': 3.607429491634089}
2025-11-22 06:52:55.088 | INFO     | __main__:main:122 - Processing vehicle 2 ...
2025-11-22 06:52:55.645 | INFO     | models.lstm_model:fit:50 - Training LSTM...
2025-11-22 06:53:07.898 | INFO     | models.lstm_model:fit:53 - LSTM trained.
2025-11-22 06:54:33.353 | INFO     | __main__:main:130 - VID 2 - LSTM metrics: {'MAE': 363.42393342391307, 'RMSE': 440.64822149454073, 'MAPE': 3.5040362539297867}
2025-11-22 06:54:33.378 | INFO     | __main__:main:122 - Processing vehicle 3 ...
2025-11-22 06:54:33.686 | INFO     | models.lstm_model:fit:50 - Training LSTM...
2025-11-22 06:54:41.842 | INFO     | models.lstm_model:fit:53 - LSTM trained.
2025-11-22 06:55:59.816 | INFO     | __main__:main:130 - VID 3 - LSTM metrics: {'MAE': 95.0207909094769, 'RMSE': 115.96404573533073, 'MAPE': 3.6769168502639755}
2025-11-22 06:55:59.842 | INFO     | __main__:main:122 - Processing vehicle 4 ...
2025-11-22 06:56:00.243 | INFO     | models.lstm_model:fit:50 - Training LSTM...
2025-11-22 06:56:08.934 | INFO     | models.lstm_model:fit:53 - LSTM trained.
2025-11-22 06:57:32.161 | INFO     | __main__:main:130 - VID 4 - LSTM metrics: {'MAE': 1190.2517934782609, 'RMSE': 1530.9363714012818, 'MAPE': 2.7773724743381902}
2025-11-22 06:57:32.225 | INFO     | __main__:main:171 - Saved rekomendasi_lstm.csv with 1512 rows
2025-11-22 07:01:04.155 | INFO     | __main__:main:106 - ===================================
2025-11-22 07:01:04.157 | INFO     | __main__:main:107 -  RUNNING PIPELINE CSV-ONLY VERSION 
2025-11-22 07:01:04.158 | INFO     | __main__:main:108 - ===================================
2025-11-22 07:01:04.158 | INFO     | __main__:main:111 - Loading transactions from CSV...
2025-11-22 07:01:07.199 | INFO     | __main__:main:114 - Loading vehicles from CSV...
2025-11-22 07:01:07.208 | INFO     | __main__:main:122 - Processing vehicle 1 ...
2025-11-22 07:01:07.872 | INFO     | models.prophet_model:fit:11 - Fitting Prophet model...
2025-11-22 07:19:30.542 | INFO     | __main__:main:289 - ===================================
2025-11-22 07:19:30.542 | INFO     | __main__:main:290 -  RUNNING PIPELINE CSV-ONLY VERSION 
2025-11-22 07:19:30.543 | INFO     | __main__:main:291 - ===================================
2025-11-22 07:19:30.543 | INFO     | __main__:main:294 - Loading transactions from CSV...
2025-11-22 07:19:32.331 | INFO     | __main__:main:296 - Loading vehicles from CSV...
2025-11-22 07:19:32.337 | INFO     | __main__:main:303 - Processing vehicle 1 ...
2025-11-22 07:19:32.713 | INFO     | models.lstm_model:fit:50 - Training LSTM...
2025-11-22 07:19:35.504 | INFO     | models.lstm_model:fit:53 - LSTM trained.
2025-11-22 07:20:24.385 | INFO     | __main__:main:309 - VID 1 - LSTM metrics: {'MAE': 7.6293945028282906e-06, 'RMSE': 7.6293945028282906e-06, 'MAPE': 9.536743128416148e-06}
2025-11-22 07:20:24.468 | INFO     | __main__:main:303 - Processing vehicle 2 ...
2025-11-22 07:20:24.683 | INFO     | models.lstm_model:fit:50 - Training LSTM...
2025-11-22 07:20:27.081 | INFO     | models.lstm_model:fit:53 - LSTM trained.
2025-11-22 07:21:13.103 | INFO     | __main__:main:309 - VID 2 - LSTM metrics: {'MAE': 7.6293945028282906e-06, 'RMSE': 7.6293945028282906e-06, 'MAPE': 9.536743128416148e-06}
2025-11-22 07:21:13.162 | INFO     | __main__:main:303 - Processing vehicle 3 ...
2025-11-22 07:21:13.365 | INFO     | models.lstm_model:fit:50 - Training LSTM...
2025-11-22 07:21:15.723 | INFO     | models.lstm_model:fit:53 - LSTM trained.
2025-11-22 07:21:57.623 | INFO     | __main__:main:309 - VID 3 - LSTM metrics: {'MAE': 7.6293945028282906e-06, 'RMSE': 7.6293945028282906e-06, 'MAPE': 9.536743128416148e-06}
2025-11-22 07:21:57.690 | INFO     | __main__:main:303 - Processing vehicle 4 ...
2025-11-22 07:21:57.971 | INFO     | models.lstm_model:fit:50 - Training LSTM...
2025-11-22 07:22:00.437 | INFO     | models.lstm_model:fit:53 - LSTM trained.
2025-11-22 07:22:42.591 | INFO     | __main__:main:309 - VID 4 - LSTM metrics: {'MAE': 7.6293945028282906e-06, 'RMSE': 7.6293945028282906e-06, 'MAPE': 9.536743128416148e-06}
2025-11-22 07:22:42.694 | INFO     | __main__:main:349 - Saved rekomendasi_lstm.csv with 1512 rows
2025-11-22 07:23:37.016 | INFO     | __main__:main:289 - ===================================
2025-11-22 07:23:37.016 | INFO     | __main__:main:290 -  RUNNING PIPELINE CSV-ONLY VERSION 
2025-11-22 07:23:37.017 | INFO     | __main__:main:291 - ===================================
2025-11-22 07:23:37.017 | INFO     | __main__:main:294 - Loading transactions from CSV...
2025-11-22 07:23:38.597 | INFO     | __main__:main:296 - Loading vehicles from CSV...
2025-11-22 07:23:38.600 | INFO     | __main__:main:303 - Processing vehicle 1 ...
2025-11-22 07:23:38.749 | INFO     | models.arima_model:fit:31 - Fitting ARIMA Non-Seasonal...
2025-11-22 07:23:38.859 | INFO     | models.arima_model:fit:49 - ARIMA fitted: order=(0, 0, 0)
2025-11-22 07:23:38.880 | INFO     | __main__:main:309 - VID 1 - ARIMA metrics: {'MAE': 80.00000000000001, 'RMSE': 80.00000000000003, 'MAPE': 99.99999999874997}
2025-11-22 07:23:38.951 | INFO     | __main__:main:303 - Processing vehicle 2 ...
2025-11-22 07:23:39.101 | INFO     | models.arima_model:fit:31 - Fitting ARIMA Non-Seasonal...
2025-11-22 07:23:39.113 | INFO     | models.arima_model:fit:49 - ARIMA fitted: order=(0, 0, 0)
2025-11-22 07:23:39.130 | INFO     | __main__:main:309 - VID 2 - ARIMA metrics: {'MAE': 80.00000000000001, 'RMSE': 80.00000000000003, 'MAPE': 99.99999999874997}
2025-11-22 07:23:39.190 | INFO     | __main__:main:303 - Processing vehicle 3 ...
2025-11-22 07:23:39.333 | INFO     | models.arima_model:fit:31 - Fitting ARIMA Non-Seasonal...
2025-11-22 07:23:39.345 | INFO     | models.arima_model:fit:49 - ARIMA fitted: order=(0, 0, 0)
2025-11-22 07:23:39.366 | INFO     | __main__:main:309 - VID 3 - ARIMA metrics: {'MAE': 80.00000000000001, 'RMSE': 80.00000000000003, 'MAPE': 99.99999999874997}
2025-11-22 07:23:39.429 | INFO     | __main__:main:303 - Processing vehicle 4 ...
2025-11-22 07:23:39.582 | INFO     | models.arima_model:fit:31 - Fitting ARIMA Non-Seasonal...
2025-11-22 07:23:39.597 | INFO     | models.arima_model:fit:49 - ARIMA fitted: order=(0, 0, 0)
2025-11-22 07:23:39.614 | INFO     | __main__:main:309 - VID 4 - ARIMA metrics: {'MAE': 80.00000000000001, 'RMSE': 80.00000000000003, 'MAPE': 99.99999999874997}
2025-11-22 07:23:39.702 | INFO     | __main__:main:349 - Saved rekomendasi_arima.csv with 1512 rows
2025-11-22 07:24:39.050 | INFO     | __main__:main:289 - ===================================
2025-11-22 07:24:39.051 | INFO     | __main__:main:290 -  RUNNING PIPELINE CSV-ONLY VERSION 
2025-11-22 07:24:39.051 | INFO     | __main__:main:291 - ===================================
2025-11-22 07:24:39.051 | INFO     | __main__:main:294 - Loading transactions from CSV...
2025-11-22 07:24:40.624 | INFO     | __main__:main:296 - Loading vehicles from CSV...
2025-11-22 07:24:40.635 | INFO     | __main__:main:303 - Processing vehicle 1 ...
2025-11-22 07:24:40.989 | INFO     | models.prophet_model:fit:11 - Fitting Prophet model...
2025-11-22 07:27:59.876 | INFO     | __main__:main:293 - ===================================
2025-11-22 07:27:59.877 | INFO     | __main__:main:294 -  RUNNING PIPELINE CSV-ONLY VERSION 
2025-11-22 07:27:59.877 | INFO     | __main__:main:295 - ===================================
2025-11-22 07:27:59.878 | INFO     | __main__:main:298 - Loading transactions from CSV...
2025-11-22 07:28:01.701 | INFO     | __main__:main:300 - Loading vehicles from CSV...
2025-11-22 07:28:01.706 | INFO     | __main__:main:307 - Processing vehicle 1 ...
2025-11-22 07:28:02.030 | INFO     | models.prophet_model:fit:11 - Fitting Prophet model...
2025-11-22 07:28:02.076 | INFO     | models.prophet_model:fit:20 - Prophet fitted.
2025-11-22 07:28:02.260 | INFO     | __main__:main:313 - VID 1 - PROPHET metrics: {'MAE': 0.0, 'RMSE': 0.0, 'MAPE': 0.0}
2025-11-22 07:28:02.345 | INFO     | __main__:main:307 - Processing vehicle 2 ...
2025-11-22 07:28:02.604 | INFO     | models.prophet_model:fit:11 - Fitting Prophet model...
2025-11-22 07:28:02.621 | INFO     | models.prophet_model:fit:20 - Prophet fitted.
2025-11-22 07:28:02.831 | INFO     | __main__:main:313 - VID 2 - PROPHET metrics: {'MAE': 0.0, 'RMSE': 0.0, 'MAPE': 0.0}
2025-11-22 07:28:02.901 | INFO     | __main__:main:307 - Processing vehicle 3 ...
2025-11-22 07:28:03.219 | INFO     | models.prophet_model:fit:11 - Fitting Prophet model...
2025-11-22 07:28:03.243 | INFO     | models.prophet_model:fit:20 - Prophet fitted.
2025-11-22 07:28:03.481 | INFO     | __main__:main:313 - VID 3 - PROPHET metrics: {'MAE': 0.0, 'RMSE': 0.0, 'MAPE': 0.0}
2025-11-22 07:28:03.554 | INFO     | __main__:main:307 - Processing vehicle 4 ...
2025-11-22 07:28:03.862 | INFO     | models.prophet_model:fit:11 - Fitting Prophet model...
2025-11-22 07:28:03.878 | INFO     | models.prophet_model:fit:20 - Prophet fitted.
2025-11-22 07:28:04.108 | INFO     | __main__:main:313 - VID 4 - PROPHET metrics: {'MAE': 0.0, 'RMSE': 0.0, 'MAPE': 0.0}
2025-11-22 07:28:04.252 | INFO     | __main__:main:353 - Saved rekomendasi_prophet.csv with 1512 rows
2025-11-22 12:50:39.180 | INFO     | __main__:main:106 - ===================================
2025-11-22 12:50:39.180 | INFO     | __main__:main:107 -  RUNNING PIPELINE CSV-ONLY VERSION 
2025-11-22 12:50:39.181 | INFO     | __main__:main:108 - ===================================
2025-11-22 12:50:39.181 | INFO     | __main__:main:111 - Loading transactions from CSV...
2025-11-22 12:50:40.517 | INFO     | __main__:main:113 - Loading vehicles from CSV...
2025-11-22 12:50:40.520 | INFO     | __main__:main:120 - Processing vehicle 1 ...
2025-11-22 12:50:40.684 | INFO     | models.arima_model:fit:11 - Fitting ARIMA Non-Seasonal...
2025-11-22 12:50:40.733 | INFO     | models.arima_model:fit:29 - ARIMA fitted: order=(0, 0, 0)
2025-11-22 12:50:40.754 | INFO     | __main__:main:126 - VID 1 - ARIMA metrics: {'MAE': 80.00000000000001, 'RMSE': 80.00000000000003, 'MAPE': 99.99999999874997}
2025-11-22 12:50:40.823 | INFO     | __main__:main:120 - Processing vehicle 2 ...
2025-11-22 12:50:40.953 | INFO     | models.arima_model:fit:11 - Fitting ARIMA Non-Seasonal...
2025-11-22 12:50:40.967 | INFO     | models.arima_model:fit:29 - ARIMA fitted: order=(0, 0, 0)
2025-11-22 12:50:40.988 | INFO     | __main__:main:126 - VID 2 - ARIMA metrics: {'MAE': 80.00000000000001, 'RMSE': 80.00000000000003, 'MAPE': 99.99999999874997}
2025-11-22 12:50:41.043 | INFO     | __main__:main:120 - Processing vehicle 3 ...
2025-11-22 12:50:41.176 | INFO     | models.arima_model:fit:11 - Fitting ARIMA Non-Seasonal...
2025-11-22 12:50:41.191 | INFO     | models.arima_model:fit:29 - ARIMA fitted: order=(0, 0, 0)
2025-11-22 12:50:41.213 | INFO     | __main__:main:126 - VID 3 - ARIMA metrics: {'MAE': 80.00000000000001, 'RMSE': 80.00000000000003, 'MAPE': 99.99999999874997}
2025-11-22 12:50:41.273 | INFO     | __main__:main:120 - Processing vehicle 4 ...
2025-11-22 12:50:41.404 | INFO     | models.arima_model:fit:11 - Fitting ARIMA Non-Seasonal...
2025-11-22 12:50:41.418 | INFO     | models.arima_model:fit:29 - ARIMA fitted: order=(0, 0, 0)
2025-11-22 12:50:41.439 | INFO     | __main__:main:126 - VID 4 - ARIMA metrics: {'MAE': 80.00000000000001, 'RMSE': 80.00000000000003, 'MAPE': 99.99999999874997}
2025-11-22 12:50:41.514 | INFO     | __main__:main:166 - Saved rekomendasi_arima.csv with 1512 rows
2025-11-22 12:51:03.586 | INFO     | __main__:main:106 - ===================================
2025-11-22 12:51:03.587 | INFO     | __main__:main:107 -  RUNNING PIPELINE CSV-ONLY VERSION 
2025-11-22 12:51:03.587 | INFO     | __main__:main:108 - ===================================
2025-11-22 12:51:03.588 | INFO     | __main__:main:111 - Loading transactions from CSV...
2025-11-22 12:51:04.879 | INFO     | __main__:main:113 - Loading vehicles from CSV...
2025-11-22 12:51:04.883 | INFO     | __main__:main:120 - Processing vehicle 1 ...
2025-11-22 12:51:05.261 | INFO     | models.lstm_model:fit:50 - Training LSTM...
2025-11-22 12:51:07.609 | INFO     | models.lstm_model:fit:53 - LSTM trained.
2025-11-22 12:51:47.835 | INFO     | __main__:main:126 - VID 1 - LSTM metrics: {'MAE': 7.6293945028282906e-06, 'RMSE': 7.6293945028282906e-06, 'MAPE': 9.536743128416148e-06}
2025-11-22 12:51:47.900 | INFO     | __main__:main:120 - Processing vehicle 2 ...
2025-11-22 12:51:48.069 | INFO     | models.lstm_model:fit:50 - Training LSTM...
2025-11-22 12:51:50.221 | INFO     | models.lstm_model:fit:53 - LSTM trained.
2025-11-22 12:52:33.662 | INFO     | __main__:main:126 - VID 2 - LSTM metrics: {'MAE': 7.6293945028282906e-06, 'RMSE': 7.6293945028282906e-06, 'MAPE': 9.536743128416148e-06}
2025-11-22 12:52:33.717 | INFO     | __main__:main:120 - Processing vehicle 3 ...
2025-11-22 12:52:33.890 | INFO     | models.lstm_model:fit:50 - Training LSTM...
2025-11-22 12:52:35.988 | INFO     | models.lstm_model:fit:53 - LSTM trained.
2025-11-22 12:54:29.948 | INFO     | __main__:main:106 - ===================================
2025-11-22 12:54:29.948 | INFO     | __main__:main:107 -  RUNNING PIPELINE CSV-ONLY VERSION 
2025-11-22 12:54:29.948 | INFO     | __main__:main:108 - ===================================
2025-11-22 12:54:29.949 | INFO     | __main__:main:111 - Loading transactions from CSV...
2025-11-22 12:54:29.956 | INFO     | __main__:main:113 - Loading vehicles from CSV...
2025-11-22 12:54:29.960 | INFO     | __main__:main:120 - Processing vehicle 1 ...
2025-11-22 12:54:30.090 | INFO     | models.lstm_model:fit:50 - Training LSTM...
2025-11-22 12:54:35.067 | INFO     | models.lstm_model:fit:53 - LSTM trained.
2025-11-22 12:55:13.391 | INFO     | __main__:main:126 - VID 1 - LSTM metrics: {'MAE': 8.196456525784843, 'RMSE': 10.40220343859739, 'MAPE': 173872610315.98404}
2025-11-22 12:55:13.468 | INFO     | __main__:main:120 - Processing vehicle 2 ...
2025-11-22 12:55:13.529 | INFO     | models.lstm_model:fit:50 - Training LSTM...
2025-11-22 12:55:19.498 | INFO     | models.lstm_model:fit:53 - LSTM trained.
2025-11-22 12:55:59.428 | INFO     | __main__:main:126 - VID 2 - LSTM metrics: {'MAE': 8.870348238974625, 'RMSE': 10.706939698021614, 'MAPE': 290354188683.71497}
2025-11-22 12:55:59.490 | INFO     | __main__:main:120 - Processing vehicle 3 ...
2025-11-22 12:55:59.537 | INFO     | models.lstm_model:fit:50 - Training LSTM...
2025-11-22 12:56:04.689 | INFO     | models.lstm_model:fit:53 - LSTM trained.
2025-11-22 12:56:41.895 | INFO     | __main__:main:126 - VID 3 - LSTM metrics: {'MAE': 0.3540574837341812, 'RMSE': 0.39222099182200687, 'MAPE': 25848839256.926384}
2025-11-22 12:56:41.953 | INFO     | __main__:main:120 - Processing vehicle 4 ...
2025-11-22 12:56:41.994 | INFO     | models.lstm_model:fit:50 - Training LSTM...
2025-11-22 12:56:46.931 | INFO     | models.lstm_model:fit:53 - LSTM trained.
2025-11-22 12:57:24.732 | INFO     | __main__:main:126 - VID 4 - LSTM metrics: {'MAE': 7.4566067907676965, 'RMSE': 9.4126497744866, 'MAPE': 14588354515.807596}
2025-11-22 12:57:24.815 | INFO     | __main__:main:166 - Saved result/rekomendasi_lstm.csv with 1512 rows
2025-11-22 12:58:10.718 | INFO     | __main__:main:106 - ===================================
2025-11-22 12:58:10.719 | INFO     | __main__:main:107 -  RUNNING PIPELINE CSV-ONLY VERSION 
2025-11-22 12:58:10.719 | INFO     | __main__:main:108 - ===================================
2025-11-22 12:58:10.719 | INFO     | __main__:main:111 - Loading transactions from CSV...
2025-11-22 12:58:10.728 | INFO     | __main__:main:113 - Loading vehicles from CSV...
2025-11-22 12:58:10.732 | INFO     | __main__:main:120 - Processing vehicle 1 ...
2025-11-22 12:58:10.745 | INFO     | models.arima_model:fit:11 - Fitting ARIMA Non-Seasonal...
2025-11-22 12:58:14.514 | INFO     | models.arima_model:fit:29 - ARIMA fitted: order=(3, 0, 2)
2025-11-22 12:58:14.537 | INFO     | __main__:main:126 - VID 1 - ARIMA metrics: {'MAE': 8.382418564787692, 'RMSE': 10.442722420000681, 'MAPE': 204211102136.97055}
2025-11-22 12:58:14.598 | INFO     | __main__:main:120 - Processing vehicle 2 ...
2025-11-22 12:58:14.610 | INFO     | models.arima_model:fit:11 - Fitting ARIMA Non-Seasonal...
2025-11-22 12:58:18.591 | INFO     | models.arima_model:fit:29 - ARIMA fitted: order=(3, 0, 3)
2025-11-22 12:58:18.617 | INFO     | __main__:main:126 - VID 2 - ARIMA metrics: {'MAE': 7.848804665963592, 'RMSE': 9.927761282510119, 'MAPE': 195129649559.53854}
2025-11-22 12:58:18.688 | INFO     | __main__:main:120 - Processing vehicle 3 ...
2025-11-22 12:58:18.699 | INFO     | models.arima_model:fit:11 - Fitting ARIMA Non-Seasonal...
2025-11-22 12:58:22.414 | INFO     | models.arima_model:fit:29 - ARIMA fitted: order=(2, 0, 1)
2025-11-22 12:58:22.434 | INFO     | __main__:main:126 - VID 3 - ARIMA metrics: {'MAE': 0.2932902485619646, 'RMSE': 0.34126938140219143, 'MAPE': 20013183911.39966}
2025-11-22 12:58:22.512 | INFO     | __main__:main:120 - Processing vehicle 4 ...
2025-11-22 12:58:22.523 | INFO     | models.arima_model:fit:11 - Fitting ARIMA Non-Seasonal...
2025-11-22 12:58:24.604 | INFO     | models.arima_model:fit:29 - ARIMA fitted: order=(3, 0, 1)
2025-11-22 12:58:24.625 | INFO     | __main__:main:126 - VID 4 - ARIMA metrics: {'MAE': 7.247383104088506, 'RMSE': 9.124433658745911, 'MAPE': 15774086490.79867}
2025-11-22 12:58:24.699 | INFO     | __main__:main:166 - Saved result/rekomendasi_arima.csv with 1512 rows
2025-11-22 13:02:55.026 | INFO     | __main__:main:106 - ===================================
2025-11-22 13:02:55.026 | INFO     | __main__:main:107 -  RUNNING PIPELINE CSV-ONLY VERSION 
2025-11-22 13:02:55.026 | INFO     | __main__:main:108 - ===================================
2025-11-22 13:02:55.027 | INFO     | __main__:main:111 - Loading transactions from CSV...
2025-11-22 13:02:55.034 | INFO     | __main__:main:113 - Loading vehicles from CSV...
2025-11-22 13:02:55.039 | INFO     | __main__:main:120 - Processing vehicle 1 ...
2025-11-22 13:02:55.051 | INFO     | models.arima_model:fit:11 - Fitting ARIMA Non-Seasonal...
2025-11-22 13:02:57.936 | INFO     | models.arima_model:fit:29 - ARIMA fitted: order=(3, 0, 2)
2025-11-22 13:02:57.960 | INFO     | __main__:main:126 - VID 1 - ARIMA metrics: {'MAE': 5.17832228046113, 'RMSE': 7.134916942344169, 'MAPE': 125277237703.32222}
2025-11-22 13:02:58.025 | INFO     | __main__:main:120 - Processing vehicle 2 ...
2025-11-22 13:02:58.038 | INFO     | models.arima_model:fit:11 - Fitting ARIMA Non-Seasonal...
2025-11-22 13:02:58.842 | INFO     | models.arima_model:fit:29 - ARIMA fitted: order=(1, 0, 0)
2025-11-22 13:02:58.865 | INFO     | __main__:main:126 - VID 2 - ARIMA metrics: {'MAE': 10.981240589774808, 'RMSE': 14.170423164819278, 'MAPE': 34122161135.266502}
2025-11-22 13:02:58.920 | INFO     | __main__:main:120 - Processing vehicle 3 ...
2025-11-22 13:02:58.934 | INFO     | models.arima_model:fit:11 - Fitting ARIMA Non-Seasonal...
2025-11-22 13:03:02.753 | INFO     | models.arima_model:fit:29 - ARIMA fitted: order=(2, 0, 1)
2025-11-22 13:03:02.776 | INFO     | __main__:main:126 - VID 3 - ARIMA metrics: {'MAE': 0.3749058306471385, 'RMSE': 0.4707962789297979, 'MAPE': 6514052891.38597}
2025-11-22 13:03:02.832 | INFO     | __main__:main:120 - Processing vehicle 4 ...
2025-11-22 13:03:02.841 | INFO     | models.arima_model:fit:11 - Fitting ARIMA Non-Seasonal...
2025-11-22 13:03:03.785 | INFO     | models.arima_model:fit:29 - ARIMA fitted: order=(1, 0, 0)
2025-11-22 13:03:03.808 | INFO     | __main__:main:126 - VID 4 - ARIMA metrics: {'MAE': 5.40084254020419, 'RMSE': 7.435852393379479, 'MAPE': 51159539057.576836}
2025-11-22 13:03:03.881 | INFO     | __main__:main:166 - Saved result/rekomendasi_arima.csv with 1512 rows
